version https://git-lfs.github.com/spec/v1
oid sha256:6672477273a94cb5d777d60cff414e6797bbad4880628ae4bce4b4ab65f68c0a
size 533922650
