version https://git-lfs.github.com/spec/v1
oid sha256:d6c020f9d4b69db05e69361410f03ca621534a06c36b5ab6260e53ca2110ea30
size 716299927
