version https://git-lfs.github.com/spec/v1
oid sha256:a9d91af3f0300f68fcea8bf55eac8260d20cba2663b3c51be3cfacb067ab2413
size 488831531
